==================================================
日誌開始時間: 2025-03-06 19:15:32
==================================================


===== GQA投影與維度壓縮 =====
模型維度 (d_model): 768
Query頭數: 8
Key/Value頭數: 2
每個頭的維度: 96
壓縮率: 4.0x

輸入形狀: torch.Size([1, 2, 768])
示例輸入向量 (截取): [ 0.56 -1.39 -0.68  1.98 -0.44 -0.36 -0.89 -0.94 -0.21 -0.04  0.4  -0.77
  0.71  1.2  -0.58 -0.52 -0.22  1.42  1.13 -0.34 -1.07]...

===== 線性投影後 =====
Q投影形狀: torch.Size([1, 2, 768])
K投影形狀: torch.Size([1, 2, 192])
V投影形狀: torch.Size([1, 2, 192])

Q投影後 (截取): [ 0.56 -1.39 -0.68  1.98 -0.44 -0.36 -0.89 -0.94 -0.21 -0.04  0.4  -0.77
  0.71  1.2  -0.58 -0.52 -0.22  1.42  1.13 -0.34 -1.07]...
K投影後 (全部): [ 0.56 -0.44 -0.21  0.71 -0.22 -1.07 -0.54 -1.64 -0.1   2.88  0.67  0.61
  0.66 -0.24  0.19 -1.76  0.87 -1.4   1.38 -0.05 -0.3   0.47 -0.62 -0.1
  1.39  0.07  0.64 -0.95  1.36 -0.34  2.05 -1.07  0.81 -0.37 -0.63  1.02
  0.02  1.    2.25 -2.73  0.32  0.93 -1.15  1.18 -0.52  0.78  0.05 -0.35
 -1.34 -0.97  0.56  0.14 -1.25  0.71  1.25 -1.38 -0.77  0.41 -0.54 -0.99
  1.53 -1.18  0.23 -0.08 -1.21  0.63  1.36  0.79 -0.43 -2.08 -1.24 -1.76
 -1.33  0.44  0.53  0.87  0.32 -2.11  0.09  0.1   1.48  0.58 -0.04  2.35
  0.97  1.   -0.99  0.45  0.55 -0.11 -1.44 -0.75 -0.63  1.21 -2.05  0.14
 -0.5  -0.31  0.85  1.04 -1.46 -1.28  0.5  -1.26  0.22 -0.24 -0.62 -2.08
 -1.37 -0.14  0.05  0.95 -0.54 -0.72  1.9   2.29 -1.    0.45 -0.3   3.56
  0.54 -0.4   0.3   0.16 -1.55 -0.77  0.79 -0.64  0.07 -0.67 -0.01 -0.97
  0.8   1.84 -0.42 -0.86  0.28 -1.58  0.86  1.11 -1.53  0.59  0.05 -0.67
  0.01  0.43 -0.49  0.86  0.05 -1.02  0.31  0.85 -0.98  0.08 -0.4  -1.05
 -0.37  0.6   1.56 -0.47  0.05  0.9  -0.94  0.09  0.24 -0.39 -0.32  0.64
 -0.21  0.42 -1.69 -0.08  0.55 -1.84  0.92 -0.43 -0.31 -0.54 -0.61  0.16
  2.24 -1.04  0.78  1.55  0.39  0.46  0.92 -0.37 -1.56  1.02 -0.36  1.34]

===== 維度壓縮過程 =====
原始維度: 768
壓縮後維度: 192
壓縮比例: 4.0:1

維度映射示例 (輸入→輸出):
輸入維度 0 → K輸出維度 0
輸入維度 4 → K輸出維度 1
輸入維度 8 → K輸出維度 2
輸入維度 12 → K輸出維度 3
輸入維度 16 → K輸出維度 4

===== 重塑為多頭形式 =====
Q多頭形狀: torch.Size([1, 2, 8, 96]) (batch, seq_len, n_query_heads, head_dim)
K多頭形狀: torch.Size([1, 2, 2, 96]) (batch, seq_len, n_kv_heads, head_dim)
V多頭形狀: torch.Size([1, 2, 2, 96]) (batch, seq_len, n_kv_heads, head_dim)

===== 不同注意力機制的比較 =====
模型維度: 768, 序列長度: 1024
------------------------------------------------------------
機制                        參數量             KV內存            性能影響      
------------------------------------------------------------
標準多頭注意力 (MHA)             1,769,472 (0.0%) 1,572,864 (0.0%) 基準        
分組查詢注意力 (GQA)             884,736 (50.0%) 393,216 (75.0%) -0.5~1%   
多查詢單鍵值注意力 (MQA)           737,280 (58.3%) 196,608 (87.5%) -2~4%     
------------------------------------------------------------
