==================================================
日誌開始時間: 2025-03-05 18:32:36
==================================================


==================================================
前饋網路數據流可視化
==================================================

輸入形狀: torch.Size([1, 2, 4])
輸入數值:
[[[1. 2. 3. 4.]
  [5. 6. 7. 8.]]]

第一層權重 (從 4 到 8):
[[2. 0. 0. 0.]
 [0. 2. 0. 0.]
 [0. 0. 2. 0.]
 [0. 0. 0. 2.]
 [0. 0. 0. 0.]
 [0. 0. 0. 0.]
 [0. 0. 0. 0.]
 [0. 0. 0. 0.]]

第一層線性轉換輸出:
形狀: torch.Size([1, 2, 8])
數值:
[[[ 2.  4.  6.  8.  0.  0.  0.  0.]
  [10. 12. 14. 16.  0.  0.  0.  0.]]]

激活函數輸出:
形狀: torch.Size([1, 2, 8])
數值:
[[[ 1.95  4.    6.    8.    0.    0.    0.    0.  ]
  [10.   12.   14.   16.    0.    0.    0.    0.  ]]]

激活函數影響度: 0.0456

第二層權重 (從 8 到 4):
[[0.5 0.  0.  0.  0.  0.  0.  0. ]
 [0.  0.5 0.  0.  0.  0.  0.  0. ]
 [0.  0.  0.5 0.  0.  0.  0.  0. ]
 [0.  0.  0.  0.5 0.  0.  0.  0. ]]

第二層線性轉換輸出 (最終輸出):
形狀: torch.Size([1, 2, 4])
數值:
[[[0.98 2.   3.   4.  ]
  [5.   6.   7.   8.  ]]]

輸入與輸出對比:
位置      | 輸入            | 輸出                    | 差異                       
--------+---------------+-----------------------+--------------------------
令牌[0,0] | [1. 2. 3. 4.] | [0.98 2.   3.   4.  ] | [-0.02 -0.    0.    0.  ]
令牌[0,1] | [5. 6. 7. 8.] | [5. 6. 7. 8.]         | [0. 0. 0. 0.]            

==================================================
FNN vs MoE 對比
==================================================

【標準前饋網路處理】

==================================================
前饋網路數據流可視化
==================================================

輸入形狀: torch.Size([1, 3, 4])
輸入數值:
[[[1. 0. 0. 0.]
  [0. 1. 0. 0.]
  [0. 0. 1. 0.]]]

第一層權重 (從 4 到 8):
[[2. 0. 0. 0.]
 [0. 2. 0. 0.]
 [0. 0. 2. 0.]
 [0. 0. 0. 2.]
 [0. 0. 0. 0.]
 [0. 0. 0. 0.]
 [0. 0. 0. 0.]
 [0. 0. 0. 0.]]

第一層線性轉換輸出:
形狀: torch.Size([1, 3, 8])
數值:
[[[2. 0. 0. 0. 0. 0. 0. 0.]
  [0. 2. 0. 0. 0. 0. 0. 0.]
  [0. 0. 2. 0. 0. 0. 0. 0.]]]

激活函數輸出:
形狀: torch.Size([1, 3, 8])
數值:
[[[1.95 0.   0.   0.   0.   0.   0.   0.  ]
  [0.   1.95 0.   0.   0.   0.   0.   0.  ]
  [0.   0.   1.95 0.   0.   0.   0.   0.  ]]]

激活函數影響度: 0.1365

第二層權重 (從 8 到 4):
[[0.5 0.  0.  0.  0.  0.  0.  0. ]
 [0.  0.5 0.  0.  0.  0.  0.  0. ]
 [0.  0.  0.5 0.  0.  0.  0.  0. ]
 [0.  0.  0.  0.5 0.  0.  0.  0. ]]

第二層線性轉換輸出 (最終輸出):
形狀: torch.Size([1, 3, 4])
數值:
[[[0.98 0.   0.   0.  ]
  [0.   0.98 0.   0.  ]
  [0.   0.   0.98 0.  ]]]

輸入與輸出對比:
位置      | 輸入            | 輸出                    | 差異                       
--------+---------------+-----------------------+--------------------------
令牌[0,0] | [1. 0. 0. 0.] | [0.98 0.   0.   0.  ] | [-0.02  0.    0.    0.  ]
令牌[0,1] | [0. 1. 0. 0.] | [0.   0.98 0.   0.  ] | [ 0.   -0.02  0.    0.  ]
令牌[0,2] | [0. 0. 1. 0.] | [0.   0.   0.98 0.  ] | [ 0.    0.   -0.02  0.  ]

【Mixture of Experts 處理】

===== 輸入數據 =====
形狀: torch.Size([1, 3, 4])
數值:
[[[1. 0. 0. 0.]
  [0. 1. 0. 0.]
  [0. 0. 1. 0.]]]

===== 路由器邏輯 =====
形狀: torch.Size([3, 3])
數值:
[[1. 0. 0.]
 [0. 1. 0.]
 [0. 0. 1.]]

===== 路由權重 (Softmax後) =====
形狀: torch.Size([3, 3])
數值:
[[0.5761 0.2119 0.2119]
 [0.2119 0.5761 0.2119]
 [0.2119 0.2119 0.5761]]

===== Top-2 路由權重 =====
形狀: torch.Size([3, 2])
數值:
[[0.7311 0.2689]
 [0.7311 0.2689]
 [0.7311 0.2689]]

===== Top-2 專家索引 =====
形狀: torch.Size([3, 2])
數值:
[[0 1]
 [1 0]
 [2 0]]

===== 追蹤令牌 #0 的處理過程 =====
輸入: [1. 0. 0. 0.]
選擇的專家: [0 1]
專家權重: [0.7311 0.2689]

專家 0 處理:
輸入: [1. 0. 0. 0.]
輸出: [1. 1. 1. 1.]
權重: 0.7311
加權輸出: [0.7311 0.7311 0.7311 0.7311]

專家 1 處理:
輸入: [1. 0. 0. 0.]
輸出: [2. 2. 2. 2.]
權重: 0.2689
加權輸出: [0.5379 0.5379 0.5379 0.5379]

===== 最終輸出 =====
形狀: torch.Size([1, 3, 4])
數值:
[[[1.2689 1.2689 1.2689 1.2689]
  [1.7311 1.7311 1.7311 1.7311]
  [2.4621 2.4621 2.4621 2.4621]]]

===== 追蹤令牌 #0 的最終輸出 =====
最終輸出: [1.2689 1.2689 1.2689 1.2689]

【FNN vs MoE 關鍵區別】
1. FNN: 所有令牌使用相同的參數
2. MoE: 每個令牌動態選擇不同的專家
3. FNN: 計算路徑固定
4. MoE: 計算路徑由令牌內容決定

【輸出比較】
FNN 輸出:
[[[0.9772 0.     0.     0.    ]
  [0.     0.9772 0.     0.    ]
  [0.     0.     0.9772 0.    ]]]
MoE 輸出:
[[[1.2689 1.2689 1.2689 1.2689]
  [1.7311 1.7311 1.7311 1.7311]
  [2.4621 2.4621 2.4621 2.4621]]]
==================================================
日誌開始時間: 2025-03-05 18:36:06
==================================================

==================================================
簡化版 MoE 演示
==================================================

===== 輸入數據 =====
形狀: torch.Size([1, 3, 4])
數值:
[[[1. 0. 0. 0.]
  [0. 1. 0. 0.]
  [0. 0. 1. 0.]]]

===== 路由器邏輯 =====
形狀: torch.Size([3, 3])
數值:
[[1. 0. 0.]
 [0. 1. 0.]
 [0. 0. 1.]]

===== 路由權重 (Softmax後) =====
形狀: torch.Size([3, 3])
數值:
[[0.5761 0.2119 0.2119]
 [0.2119 0.5761 0.2119]
 [0.2119 0.2119 0.5761]]

===== Top-2 路由權重 =====
形狀: torch.Size([3, 2])
數值:
[[0.7311 0.2689]
 [0.7311 0.2689]
 [0.7311 0.2689]]

===== Top-2 專家索引 =====
形狀: torch.Size([3, 2])
數值:
[[0 1]
 [1 0]
 [2 0]]

===== 追蹤令牌 #0 的處理過程 =====
輸入: [1. 0. 0. 0.]
選擇的專家: [0 1]
專家權重: [0.7311 0.2689]

專家 0 處理:
輸入: [1. 0. 0. 0.]
輸出: [1. 1. 1. 1.]
權重: 0.7311
加權輸出: [0.7311 0.7311 0.7311 0.7311]

專家 1 處理:
輸入: [1. 0. 0. 0.]
輸出: [2. 2. 2. 2.]
權重: 0.2689
加權輸出: [0.5379 0.5379 0.5379 0.5379]

===== 最終輸出 =====
形狀: torch.Size([1, 3, 4])
數值:
[[[1.2689 1.2689 1.2689 1.2689]
  [1.7311 1.7311 1.7311 1.7311]
  [2.4621 2.4621 2.4621 2.4621]]]

===== 追蹤令牌 #0 的最終輸出 =====
最終輸出: [1.2689 1.2689 1.2689 1.2689]

==================================================
觀察路由決策分佈
==================================================
令牌 0 路由分佈: [0.5761 0.2119 0.2119]
令牌 1 路由分佈: [0.2119 0.5761 0.2119]
令牌 2 路由分佈: [0.2119 0.2119 0.5761]

路由決策熱度圖:
令牌 0: █████░░░░░ 0.58 ██░░░░░░░░ 0.21 ██░░░░░░░░ 0.21 
令牌 1: ██░░░░░░░░ 0.21 █████░░░░░ 0.58 ██░░░░░░░░ 0.21 
令牌 2: ██░░░░░░░░ 0.21 ██░░░░░░░░ 0.21 █████░░░░░ 0.58 
